----------------------------------------
Exception occurred during processing of request from ('127.0.0.1', 62561)
Traceback (most recent call last):
  File "/Users/shaanp/.pyenv/versions/3.14.5/lib/python3.14/socketserver.py", line 697, in process_request_thread
    self.finish_request(request, client_address)
    ~~~~~~~~~~~~~~~~~~~^^^^^^^^^^^^^^^^^^^^^^^^^
  File "/Users/shaanp/.pyenv/versions/3.14.5/lib/python3.14/socketserver.py", line 362, in finish_request
    self.RequestHandlerClass(request, client_address, self)
    ~~~~~~~~~~~~~~~~~~~~~~~~^^^^^^^^^^^^^^^^^^^^^^^^^^^^^^^
  File "/Users/shaanp/.pyenv/versions/3.14.5/lib/python3.14/socketserver.py", line 766, in __init__
    self.handle()
    ~~~~~~~~~~~^^
  File "/Users/shaanp/.pyenv/versions/3.14.5/lib/python3.14/http/server.py", line 498, in handle
    self.handle_one_request()
    ~~~~~~~~~~~~~~~~~~~~~~~^^
  File "/Users/shaanp/.pyenv/versions/3.14.5/lib/python3.14/http/server.py", line 464, in handle_one_request
    self.raw_requestline = self.rfile.readline(65537)
                           ~~~~~~~~~~~~~~~~~~~^^^^^^^
  File "/Users/shaanp/.pyenv/versions/3.14.5/lib/python3.14/socket.py", line 729, in readinto
    return self._sock.recv_into(b)
           ~~~~~~~~~~~~~~~~~~~~^^^
ConnectionResetError: [Errno 54] Connection reset by peer
----------------------------------------
----------------------------------------
Exception occurred during processing of request from ('127.0.0.1', 62560)
Traceback (most recent call last):
  File "/Users/shaanp/.pyenv/versions/3.14.5/lib/python3.14/socketserver.py", line 697, in process_request_thread
    self.finish_request(request, client_address)
    ~~~~~~~~~~~~~~~~~~~^^^^^^^^^^^^^^^^^^^^^^^^^
  File "/Users/shaanp/.pyenv/versions/3.14.5/lib/python3.14/socketserver.py", line 362, in finish_request
    self.RequestHandlerClass(request, client_address, self)
    ~~~~~~~~~~~~~~~~~~~~~~~~^^^^^^^^^^^^^^^^^^^^^^^^^^^^^^^
  File "/Users/shaanp/.pyenv/versions/3.14.5/lib/python3.14/socketserver.py", line 766, in __init__
    self.handle()
    ~~~~~~~~~~~^^
  File "/Users/shaanp/.pyenv/versions/3.14.5/lib/python3.14/http/server.py", line 498, in handle
    self.handle_one_request()
    ~~~~~~~~~~~~~~~~~~~~~~~^^
  File "/Users/shaanp/.pyenv/versions/3.14.5/lib/python3.14/http/server.py", line 464, in handle_one_request
    self.raw_requestline = self.rfile.readline(65537)
                           ~~~~~~~~~~~~~~~~~~~^^^^^^^
  File "/Users/shaanp/.pyenv/versions/3.14.5/lib/python3.14/socket.py", line 729, in readinto
    return self._sock.recv_into(b)
           ~~~~~~~~~~~~~~~~~~~~^^^
ConnectionResetError: [Errno 54] Connection reset by peer
----------------------------------------
----------------------------------------
Exception occurred during processing of request from ('127.0.0.1', 62617)
Traceback (most recent call last):
  File "/Users/shaanp/.pyenv/versions/3.14.5/lib/python3.14/socketserver.py", line 697, in process_request_thread
    self.finish_request(request, client_address)
    ~~~~~~~~~~~~~~~~~~~^^^^^^^^^^^^^^^^^^^^^^^^^
  File "/Users/shaanp/.pyenv/versions/3.14.5/lib/python3.14/socketserver.py", line 362, in finish_request
    self.RequestHandlerClass(request, client_address, self)
    ~~~~~~~~~~~~~~~~~~~~~~~~^^^^^^^^^^^^^^^^^^^^^^^^^^^^^^^
  File "/Users/shaanp/.pyenv/versions/3.14.5/lib/python3.14/socketserver.py", line 766, in __init__
    self.handle()
    ~~~~~~~~~~~^^
  File "/Users/shaanp/.pyenv/versions/3.14.5/lib/python3.14/http/server.py", line 498, in handle
    self.handle_one_request()
    ~~~~~~~~~~~~~~~~~~~~~~~^^
  File "/Users/shaanp/.pyenv/versions/3.14.5/lib/python3.14/http/server.py", line 464, in handle_one_request
    self.raw_requestline = self.rfile.readline(65537)
                           ~~~~~~~~~~~~~~~~~~~^^^^^^^
  File "/Users/shaanp/.pyenv/versions/3.14.5/lib/python3.14/socket.py", line 729, in readinto
    return self._sock.recv_into(b)
           ~~~~~~~~~~~~~~~~~~~~^^^
ConnectionResetError: [Errno 54] Connection reset by peer
----------------------------------------
