▲ Next.js 16.2.6 (Turbopack)
- Local:         http://127.0.0.1:3030
- Network:       http://127.0.0.1:3030
- Environments: .env.local
✓ Ready in 254ms
⚠ Specified "rewrites" will not automatically work with "output: export". See more info here: https://nextjs.org/docs/messages/export-no-custom-routes

  We detected TypeScript in your project and reconfigured your tsconfig.json file for you.
  The following suggested values were added to your tsconfig.json. These values can be changed to fit your project's needs:

  	- include was updated to add '.next-showcase/types/**/*.ts'
  	- include was updated to add '.next-showcase/dev/types/**/*.ts'


 GET / 200 in 2.3s (next.js: 2.1s, application-code: 116ms)
 GET / 200 in 890ms (next.js: 738ms, application-code: 152ms)
 GET /?landing=1 200 in 20ms (next.js: 1471µs, application-code: 18ms)
 GET /?app=1 200 in 18ms (next.js: 3ms, application-code: 15ms)
 GET /?app=1 200 in 18ms (next.js: 3ms, application-code: 15ms)
 GET /?app=1 200 in 16ms (next.js: 2ms, application-code: 14ms)
 GET /?app=1 200 in 15ms (next.js: 945µs, application-code: 14ms)
 GET /?app=1 200 in 15ms (next.js: 1214µs, application-code: 14ms)
 GET /?app=1 200 in 19ms (next.js: 1817µs, application-code: 17ms)
 GET /?app=1 200 in 17ms (next.js: 1292µs, application-code: 16ms)
✓ Compiled in 96ms
 GET /?app=1 200 in 19ms (next.js: 4ms, application-code: 16ms)
[?25h
